// Jest Snapshot v1, https://goo.gl/fbAQLP

exports[`applyCocoaPodsModifications adds blocks to a expo prebuild template podfile 1`] = `
"
require_relative '../node_modules/react-native/scripts/react_native_pods'
require_relative '../node_modules/react-native-unimodules/cocoapods.rb'
require_relative '../node_modules/@react-native-community/cli-platform-ios/native_modules'

platform :ios, '11.0'

target 'HelloWorld' do
  use_unimodules!
  config = use_native_modules!

# @generated begin post_installer - expo prebuild (DO NOT MODIFY) sync-4092f82b887b5b9edb84642c2a56984d69b9a403
  post_install do |installer|
# @generated begin @vietmap/vietmap-gl-react-native-post_installer - expo prebuild (DO NOT MODIFY) sync-88648fec2f0169e784fba60266091187f7753f15
    $RNMBGL.post_install(installer)
# @generated end @vietmap/vietmap-gl-react-native-post_installer
  end
# @generated end post_installer
  use_react_native!(:path => config["reactNativePath"])

  # Uncomment to opt-in to using Flipper
  #
  # if !ENV['CI']
  #   use_flipper!('Flipper' => '0.75.1', 'Flipper-Folly' => '2.5.3', 'Flipper-RSocket' => '1.3.1')
  #   post_install do |installer|
  #     flipper_post_install(installer)
  #   end
  # end
end
"
`;

exports[`applyCocoaPodsModifications adds blocks to a expo prebuild template podfile with custom modifications 1`] = `
"
require_relative '../node_modules/react-native/scripts/react_native_pods'
require_relative '../node_modules/react-native-unimodules/cocoapods.rb'
require_relative '../node_modules/@react-native-community/cli-platform-ios/native_modules'

platform :ios, '11.0'

target 'HelloWorld' do
  use_unimodules!
  config = use_native_modules!

# @generated begin post_installer - expo prebuild (DO NOT MODIFY) sync-4092f82b887b5b9edb84642c2a56984d69b9a403
  post_install do |installer|
# @generated begin @vietmap/vietmap-gl-react-native-post_installer - expo prebuild (DO NOT MODIFY) sync-88648fec2f0169e784fba60266091187f7753f15
    $RNMBGL.post_install(installer)
# @generated end @vietmap/vietmap-gl-react-native-post_installer
  end
# @generated end post_installer
  use_react_native!(:path => config["reactNativePath"])

  # pre_install do |installer|
  # end

  # Uncomment to opt-in to using Flipper
  #
  # if !ENV['CI']
  #   use_flipper!('Flipper' => '0.75.1', 'Flipper-Folly' => '2.5.3', 'Flipper-RSocket' => '1.3.1')
  #   post_install do |installer|
  #     flipper_post_install(installer)
  #   end
  # end
end
"
`;

exports[`applyCocoaPodsModifications adds blocks to a react native template podfile 1`] = `
"
require_relative '../node_modules/react-native/scripts/react_native_pods'
require_relative '../node_modules/@react-native-community/cli-platform-ios/native_modules'

platform :ios, '11.0'

target 'HelloWorld' do
  config = use_native_modules!

  use_react_native!(
    :path => config[:reactNativePath],
    # to enable hermes on iOS, change \`false\` to \`true\` and then install pods
    :hermes_enabled => false
  )

  target 'HelloWorldTests' do
    inherit! :complete
    # Pods for testing
  end

  # Enables Flipper.
  #
  # Note that if you have use_frameworks! enabled, Flipper will not work and
  # you should disable the next line.
  use_flipper!()

  post_install do |installer|
# @generated begin @vietmap/vietmap-gl-react-native-post_installer - expo prebuild (DO NOT MODIFY) sync-88648fec2f0169e784fba60266091187f7753f15
    $RNMBGL.post_install(installer)
# @generated end @vietmap/vietmap-gl-react-native-post_installer
    react_native_post_install(installer)
  end
end
"
`;

exports[`applyCocoaPodsModifications does not work with revisions to blocks after comments 1`] = `
"
require_relative '../node_modules/react-native/scripts/react_native_pods'
require_relative '../node_modules/react-native-unimodules/cocoapods.rb'
require_relative '../node_modules/@react-native-community/cli-platform-ios/native_modules'

platform :ios, '11.0'

target 'HelloWorld' do
  use_unimodules!
  config = use_native_modules!
  # pre_install do |installer|
  # end

  # Uncomment to opt-in to using Flipper
  #
  # if !ENV['CI']
  #   use_flipper!('Flipper' => '0.75.1', 'Flipper-Folly' => '2.5.3', 'Flipper-RSocket' => '1.3.1')
  #   post_install do |installer|
# @generated begin @vietmap/vietmap-gl-react-native-post_installer - expo prebuild (DO NOT MODIFY) sync-88648fec2f0169e784fba60266091187f7753f15
    $RNMBGL.post_install(installer)
# @generated end @vietmap/vietmap-gl-react-native-post_installer
  #     flipper_post_install(installer)
  #   end
  # end

# @generated begin pre_installer - expo prebuild (DO NOT MODIFY) sync-00old-id
INVALID_pre_install do |installer|
# @generated begin @react-native-mapbox-gl/maps-pre_installer - expo prebuild (DO NOT MODIFY) sync-00
  INVALID_$RNMBGL.pre_install(installer)
# @generated end @react-native-mapbox-gl/maps-pre_installer
end
# @generated end pre_installer
# @generated begin post_installer - expo prebuild (DO NOT MODIFY) sync-4092f82b887b5b9edb84642c2a56984d69b9a403
  post_install do |installer|
  end
# @generated end post_installer
  use_react_native!(:path => config["reactNativePath"])


end
"
`;

exports[`applyCocoaPodsModifications works after revisions to blocks 1`] = `
"
require_relative '../node_modules/react-native/scripts/react_native_pods'
require_relative '../node_modules/react-native-unimodules/cocoapods.rb'
require_relative '../node_modules/@react-native-community/cli-platform-ios/native_modules'

platform :ios, '11.0'

target 'HelloWorld' do
  use_unimodules!
  config = use_native_modules!

# @generated begin pre_installer - expo prebuild (DO NOT MODIFY) sync-00old-id
INVALID_pre_install do |installer|
# @generated begin @react-native-mapbox-gl/maps-pre_installer - expo prebuild (DO NOT MODIFY) sync-00
  INVALID_$RNMBGL.pre_install(installer)
# @generated end @react-native-mapbox-gl/maps-pre_installer
end
# @generated end pre_installer
# @generated begin post_installer - expo prebuild (DO NOT MODIFY) sync-4092f82b887b5b9edb84642c2a56984d69b9a403
  post_install do |installer|
# @generated begin @vietmap/vietmap-gl-react-native-post_installer - expo prebuild (DO NOT MODIFY) sync-88648fec2f0169e784fba60266091187f7753f15
    $RNMBGL.post_install(installer)
# @generated end @vietmap/vietmap-gl-react-native-post_installer
  end
# @generated end post_installer
  use_react_native!(:path => config["reactNativePath"])

  # pre_install do |installer|
  # end

  # Uncomment to opt-in to using Flipper
  #
  # if !ENV['CI']
  #   use_flipper!('Flipper' => '0.75.1', 'Flipper-Folly' => '2.5.3', 'Flipper-RSocket' => '1.3.1')
  #   post_install do |installer|
  #     flipper_post_install(installer)
  #   end
  # end
end
"
`;
